
> fixtray@1.0.0 build
> node ./scripts/check-database.js && node ./scripts/prisma-safe-generate.js && cross-env NODE_OPTIONS=--max-old-space-size=4096 next build --webpack

node.exe : 
At line:1 char:1
+ & "C:\Program Files\nodejs/node.exe" "C:\Program Files\nodejs/node_mo ...
+ ~~~~~~~~~~~~~~~~~~~~~~~~~~~~~~~~~~~~~~~~~~~~~~~~~~~~~~~~~~~~~~~~~~~~~
    + CategoryInfo          : NotSpecified: (:String) [], RemoteException
    + FullyQualifiedErrorId : NativeCommandError
 
WARNING: DATABASE_URL is not set. Continuing build without a database 
connection.
Make sure DATABASE_URL is set in your hosting provider (Vercel) environment 
variables before deploying.

[prisma-safe-generate] DATABASE_URL not set ΓÇö using placeholder for generate step.
Environment variables loaded from .env
Prisma schema loaded from prisma\schema.prisma

Γ£ö Generated Prisma Client (v5.22.0) to .\node_modules\@prisma\client in 845ms

Start by importing your Prisma Client (See: https://pris.ly/d/importing-client)

Tip: Need your database queries to be 1000x faster? Accelerate offers you that and more: https://pris.ly/tip-2-accelerate

Γû▓ Next.js 16.2.4 (webpack)
- Environments: .env.local, .env
- Experiments (use with caution):
  ┬╖ clientTraceMetadata
  Γ£ô optimizeCss
  Γ£ô scrollRestoration

  Creating an optimized production build ...
Γ£ô Compiled successfully in 75s
  Running TypeScript ...
  Finished TypeScript in 8.0min ...
  Collecting page data using 3 workers ...
  Generating static pages using 3 workers (0/382) ...
  Generating static pages using 3 workers (95/382) 
  Generating static pages using 3 workers (190/382) 
  Generating static pages using 3 workers (286/382) 
Γ£ô Generating static pages using 3 workers (382/382) in 28.6s
  Finalizing page optimization ...
  Collecting build traces ...

Route (app)
Γöî ╞Æ /
Γö£ ╞Æ /_not-found
Γö£ ╞Æ /about
Γö£ ╞Æ /admin/accepted-shops
Γö£ ╞Æ /admin/activity-logs
Γö£ ╞Æ /admin/admin-tools
Γö£ ╞Æ /admin/backup-restore
Γö£ ╞Æ /admin/command-center
Γö£ ╞Æ /admin/coupons
Γö£ ╞Æ /admin/dashboard
Γö£ ╞Æ /admin/email-templates
Γö£ ╞Æ /admin/enhanced
Γö£ ╞Æ /admin/financial-reports
Γö£ ╞Æ /admin/guide
Γö£ ╞Æ /admin/home
Γö£ ╞Æ /admin/login
Γö£ ╞Æ /admin/manage-customers
Γö£ ╞Æ /admin/manage-shops
Γö£ ╞Æ /admin/manage-tenants
Γö£ ╞Æ /admin/messages
Γö£ ╞Æ /admin/owner
Γö£ ╞Æ /admin/owner/my-profile
Γö£ ╞Æ /admin/owner/quick-edit-user-info
Γö£ ╞Æ /admin/owner/reset-user-password
Γö£ ╞Æ /admin/pending-shops
Γö£ ╞Æ /admin/platform-analytics
Γö£ ╞Æ /admin/profile
Γö£ ╞Æ /admin/revenue
Γö£ ╞Æ /admin/security-settings
Γö£ ╞Æ /admin/sessions
Γö£ ╞Æ /admin/settings
Γö£ ╞Æ /admin/shop-details/[id]
Γö£ ╞Æ /admin/subscriptions
Γö£ ╞Æ /admin/system-settings
Γö£ ╞Æ /admin/test
Γö£ ╞Æ /admin/user-management
Γö£ ╞Æ /api/activity-logs
Γö£ ╞Æ /api/admin/activity-logs
Γö£ ╞Æ /api/admin/analytics
Γö£ ╞Æ /api/admin/audit-logs
Γö£ ╞Æ /api/admin/backup
Γö£ ╞Æ /api/admin/clients/export
Γö£ ╞Æ /api/admin/command-center
Γö£ ╞Æ /api/admin/coupons
Γö£ ╞Æ /api/admin/customers
Γö£ ╞Æ /api/admin/export
Γö£ ╞Æ /api/admin/financial-reports
Γö£ ╞Æ /api/admin/health
Γö£ ╞Æ /api/admin/login
Γö£ ╞Æ /api/admin/performance
Γö£ ╞Æ /api/admin/revenue
Γö£ ╞Æ /api/admin/settings
Γö£ ╞Æ /api/admin/shops
Γö£ ╞Æ /api/admin/shops/[id]
Γö£ ╞Æ /api/admin/shops/[id]/status
Γö£ ╞Æ /api/admin/stats
Γö£ ╞Æ /api/admin/subscriptions
Γö£ ╞Æ /api/admin/tenants
Γö£ ╞Æ /api/admin/usage
Γö£ ╞Æ /api/admin/users
Γö£ ╞Æ /api/admin/users/reset-password
Γö£ ╞Æ /api/analytics
Γö£ ╞Æ /api/analytics/employee-performance
Γö£ ╞Æ /api/analytics/export
Γö£ ╞Æ /api/analytics/pageview
Γö£ ╞Æ /api/analytics/sla
Γö£ ╞Æ /api/api-keys
Γö£ ╞Æ /api/appointments
Γö£ ╞Æ /api/appointments/[id]
Γö£ ╞Æ /api/ar-aging
Γö£ ╞Æ /api/auth/2fa/challenge
Γö£ ╞Æ /api/auth/2fa/disable
Γö£ ╞Æ /api/auth/2fa/setup
Γö£ ╞Æ /api/auth/2fa/status
Γö£ ╞Æ /api/auth/2fa/verify
Γö£ ╞Æ /api/auth/admin
Γö£ ╞Æ /api/auth/biometric-login
Γö£ ╞Æ /api/auth/csrf
Γö£ ╞Æ /api/auth/customer
Γö£ ╞Æ /api/auth/logout
Γö£ ╞Æ /api/auth/profile
Γö£ ╞Æ /api/auth/refresh
Γö£ ╞Æ /api/auth/register
Γö£ ╞Æ /api/auth/reset
Γö£ ╞Æ /api/auth/reset/confirm
Γö£ ╞Æ /api/auth/reset/request
Γö£ ╞Æ /api/auth/sessions
Γö£ ╞Æ /api/auth/shop
Γö£ ╞Æ /api/auth/subscription-gate
Γö£ ╞Æ /api/auth/tech
Γö£ ╞Æ /api/auth/tech-2fa
Γö£ ╞Æ /api/auth/verify-email
Γö£ ╞Æ /api/automations
Γö£ ╞Æ /api/automations/[id]
Γö£ ╞Æ /api/bays
Γö£ ╞Æ /api/bays/[id]
Γö£ ╞Æ /api/branding
Γö£ ╞Æ /api/condition-reports
Γö£ ╞Æ /api/contact
Γö£ ╞Æ /api/core-returns
Γö£ ╞Æ /api/core-returns/[id]
Γö£ ╞Æ /api/cron
Γö£ ╞Æ /api/cron/appointment-reminders
Γö£ ╞Æ /api/cron/keepalive
Γö£ ╞Æ /api/cron/recurring-reminders
Γö£ ╞Æ /api/cron/recurring-workorders
Γö£ ╞Æ /api/customers
Γö£ ╞Æ /api/customers/documents
Γö£ ╞Æ /api/customers/documents/[id]
Γö£ ╞Æ /api/customers/estimates
Γö£ ╞Æ /api/customers/estimates/[id]
Γö£ ╞Æ /api/customers/estimates/request-new
Γö£ ╞Æ /api/customers/favorites
Γö£ ╞Æ /api/customers/favorites/[id]
Γö£ ╞Æ /api/customers/insights
Γö£ ╞Æ /api/customers/login
Γö£ ╞Æ /api/customers/messages
Γö£ ╞Æ /api/customers/payment-methods
Γö£ ╞Æ /api/customers/payment-methods/[id]
Γö£ ╞Æ /api/customers/payments
Γö£ ╞Æ /api/customers/profile
Γö£ ╞Æ /api/customers/recurring-approvals
Γö£ ╞Æ /api/customers/register
Γö£ ╞Æ /api/customers/rewards
Γö£ ╞Æ /api/customers/rewards/claim
Γö£ ╞Æ /api/customers/search
Γö£ ╞Æ /api/customers/shops
Γö£ ╞Æ /api/customers/shops/[id]
Γö£ ╞Æ /api/customers/shops/[id]/availability
Γö£ ╞Æ /api/customers/tracking
Γö£ ╞Æ /api/customers/vehicles
Γö£ ╞Æ /api/customers/vehicles/[id]
Γö£ ╞Æ /api/customers/workorders/[id]
Γö£ ╞Æ /api/debug/reset-rate-limit
Γö£ ╞Æ /api/dtc-lookup
Γö£ ╞Æ /api/dvi
Γö£ ╞Æ /api/dvi/[id]
Γö£ ╞Æ /api/dvi/token/[token]
Γö£ ╞Æ /api/enterprise
Γö£ ╞Æ /api/environmental-fees
Γö£ ╞Æ /api/environmental-fees/[id]
Γö£ ╞Æ /api/fleet
Γö£ ╞Æ /api/fleet/[id]
Γö£ ╞Æ /api/fleet/[id]/vehicles
Γö£ ╞Æ /api/health
Γö£ ╞Æ /api/inspections
Γö£ ╞Æ /api/integrations
Γö£ ╞Æ /api/inventory
Γö£ ╞Æ /api/inventory/[id]
Γö£ ╞Æ /api/inventory/low-stock
Γö£ ╞Æ /api/inventory/shared
Γö£ ╞Æ /api/loaners
Γö£ ╞Æ /api/loaners/[id]
Γö£ ╞Æ /api/location/update
Γö£ ╞Æ /api/manager/assignments
Γö£ ╞Æ /api/manager/dashboard
Γö£ ╞Æ /api/mdm/commands
Γö£ ╞Æ /api/mdm/enroll
Γö£ ╞Æ /api/mdm/unenroll
Γö£ ╞Æ /api/messages
Γö£ ╞Æ /api/messages/contacts
Γö£ ╞Æ /api/messages/unread-count
Γö£ ╞Æ /api/notifications
Γö£ ╞Æ /api/notifications-db
Γö£ ╞Æ /api/payment-links
Γö£ ╞Æ /api/payment/checkout
Γö£ ╞Æ /api/payment/create-intent
Γö£ ╞Æ /api/payment/webhook
Γö£ ╞Æ /api/payroll/attendance
Γö£ ╞Æ /api/payroll/employees
Γö£ ╞Æ /api/payroll/employees/[id]
Γö£ ╞Æ /api/payroll/leave
Γö£ ╞Æ /api/payroll/leave/[id]
Γö£ ╞Æ /api/payroll/overtime-rules
Γö£ ╞Æ /api/payroll/pay-periods
Γö£ ╞Æ /api/payroll/pay-periods/[id]
Γö£ ╞Æ /api/payroll/paystubs
Γö£ ╞Æ /api/payroll/paystubs/[id]
Γö£ ╞Æ /api/payroll/schedule
Γö£ ╞Æ /api/payroll/schedule/[id]
Γö£ ╞Æ /api/permissions
Γö£ ╞Æ /api/photos
Γö£ ╞Æ /api/photos/[id]
Γö£ ╞Æ /api/portal-chat/[role]
Γö£ ╞Æ /api/portal-chat/[role]/stream
Γö£ ╞Æ /api/profit-margins
Γö£ ╞Æ /api/purchase-orders
Γö£ ╞Æ /api/purchase-orders/[id]
Γö£ ╞Æ /api/push/register-token
Γö£ ╞Æ /api/push/send
Γö£ ╞Æ /api/push/send-bulk
Γö£ ╞Æ /api/push/subscribe
Γö£ ╞Æ /api/push/unsubscribe
Γö£ ╞Æ /api/recurring-workorders
Γö£ ╞Æ /api/recurring-workorders/[id]
Γö£ ╞Æ /api/referrals
Γö£ ╞Æ /api/reports
Γö£ ╞Æ /api/reviews
Γö£ ╞Æ /api/reviews/[id]
Γö£ ╞Æ /api/security/events
Γö£ ╞Æ /api/services
Γö£ ╞Æ /api/services/[id]
Γö£ ╞Æ /api/sessions
Γö£ ╞Æ /api/shop
Γö£ ╞Æ /api/shop/campaigns
Γö£ ╞Æ /api/shop/customer-reports
Γö£ ╞Æ /api/shop/customers/[id]/crm
Γö£ ╞Æ /api/shop/eod-report
Γö£ ╞Æ /api/shop/financial-summary
Γö£ ╞Æ /api/shop/inventory-requests
Γö£ ╞Æ /api/shop/inventory-stock
Γö£ ╞Æ /api/shop/locations
Γö£ ╞Æ /api/shop/locations/[id]
Γö£ ╞Æ /api/shop/logs
Γö£ ╞Æ /api/shop/messages
Γö£ ╞Æ /api/shop/payroll
Γö£ ╞Æ /api/shop/profile
Γö£ ╞Æ /api/shop/purchase-orders
Γö£ ╞Æ /api/shop/purchase-orders/[id]
Γö£ ╞Æ /api/shop/recent-activity
Γö£ ╞Æ /api/shop/schedule
Γö£ ╞Æ /api/shop/schedule/blocked-dates
Γö£ ╞Æ /api/shop/schedule/blockedDates
Γö£ ╞Æ /api/shop/search
Γö£ ╞Æ /api/shop/settings
Γö£ ╞Æ /api/shop/stats
Γö£ ╞Æ /api/shop/switch
Γö£ ╞Æ /api/shop/team
Γö£ ╞Æ /api/shop/team-performance
Γö£ ╞Æ /api/shop/team-schedule
Γö£ ╞Æ /api/shop/templates
Γö£ ╞Æ /api/shop/templates/[id]
Γö£ ╞Æ /api/shop/urgent-alerts
Γö£ ╞Æ /api/shop/vendors
Γö£ ╞Æ /api/shop/vendors/[id]
Γö£ ╞Æ /api/shop/workorder-stats
Γö£ ╞Æ /api/shops-db/accepted
Γö£ ╞Æ /api/shops-db/complete-profile
Γö£ ╞Æ /api/shops-db/pending
Γö£ ╞Æ /api/shops/[id]
Γö£ ╞Æ /api/shops/accepted
Γö£ ╞Æ /api/shops/complete-profile
Γö£ ╞Æ /api/shops/labor-rates
Γö£ ╞Æ /api/shops/pending
Γö£ ╞Æ /api/shops/register
Γö£ ╞Æ /api/shops/services
Γö£ ╞Æ /api/shops/settings
Γö£ ╞Æ /api/state-inspections
Γö£ ╞Æ /api/state-inspections/[id]
Γö£ ╞Æ /api/stripe/checkout
Γö£ ╞Æ /api/stripe/connect
Γö£ ╞Æ /api/stripe/connect/callback
Γö£ ╞Æ /api/stripe/connect/refresh
Γö£ ╞Æ /api/stripe/portal
Γö£ ╞Æ /api/stripe/webhook
Γö£ ╞Æ /api/subscriptions/[shopId]/cancel
Γö£ ╞Æ /api/subscriptions/[shopId]/suggestions
Γö£ ╞Æ /api/subscriptions/[shopId]/update-plan
Γö£ ╞Æ /api/tax-rules
Γö£ ╞Æ /api/tax-rules/[id]
Γö£ ╞Æ /api/tech/complete
Γö£ ╞Æ /api/tech/tracking
Γö£ ╞Æ /api/techs
Γö£ ╞Æ /api/techs/[id]
Γö£ ╞Æ /api/techs/assign
Γö£ ╞Æ /api/tenants
Γö£ ╞Æ /api/time-tracking
Γö£ ╞Æ /api/time-tracking/[id]
Γö£ ╞Æ /api/timeclock
Γö£ ╞Æ /api/timeclock/status
Γö£ ╞Æ /api/upload
Γö£ ╞Æ /api/user/notification-settings
Γö£ ╞Æ /api/user/permissions
Γö£ ╞Æ /api/vehicles/[id]/history-pdf
Γö£ ╞Æ /api/waiting-room
Γö£ ╞Æ /api/webhooks
Γö£ ╞Æ /api/work-authorizations
Γö£ ╞Æ /api/work-authorizations/[token]
Γö£ ╞Æ /api/workorders
Γö£ ╞Æ /api/workorders/[id]
Γö£ ╞Æ /api/workorders/[id]/email-invoice
Γö£ ╞Æ /api/workorders/[id]/invoice
Γö£ ╞Æ /api/workorders/[id]/photos
Γö£ ╞Æ /api/workorders/[id]/respond-recurring
Γö£ ╞Æ /api/workorders/pay
Γö£ ╞Æ /api/workorders/payment
Γö£ ╞Æ /auth/login
Γö£ ╞Æ /auth/pending-approval
Γö£ ╞Æ /auth/register/shop
Γö£ ╞Æ /auth/register/shop/client
Γö£ ╞Æ /auth/reset
Γö£ ╞Æ /auth/thank-you
Γö£ ╞Æ /contact
Γö£ ╞Æ /customer
Γö£ ╞Æ /customer/appointments
Γö£ ╞Æ /customer/appointments/new
Γö£ ╞Æ /customer/authorization/[token]
Γö£ ╞Æ /customer/dashboard
Γö£ ╞Æ /customer/documents
Γö£ ╞Æ /customer/dvi/[token]
Γö£ ╞Æ /customer/estimates
Γö£ ╞Æ /customer/favorites
Γö£ ╞Æ /customer/features
Γö£ ╞Æ /customer/findshops
Γö£ ╞Æ /customer/history
Γö£ ╞Æ /customer/home
Γö£ ╞Æ /customer/insights
Γö£ ╞Æ /customer/messages
Γö£ ╞Æ /customer/notifications
Γö£ ╞Æ /customer/overview
Γö£ ╞Æ /customer/pay/[token]
Γö£ ╞Æ /customer/payments
Γö£ ╞Æ /customer/profile
Γö£ ╞Æ /customer/recurring-approvals
Γö£ ╞Æ /customer/reviews
Γö£ ╞Æ /customer/rewards
Γö£ ╞Æ /customer/shop/[id]
Γö£ ╞Æ /customer/tracking
Γö£ ╞Æ /customer/vehicles
Γö£ ╞Æ /customer/workorders/[id]
Γö£ ╞Æ /features
Γö£ ╞Æ /manager
Γö£ ╞Æ /manager/admin/logs
Γö£ ╞Æ /manager/admin/settings
Γö£ ╞Æ /manager/approvals
Γö£ ╞Æ /manager/assignments
Γö£ ╞Æ /manager/dashboard
Γö£ ╞Æ /manager/estimates
Γö£ ╞Æ /manager/home
Γö£ ╞Æ /manager/inspections
Γö£ ╞Æ /manager/inventory
Γö£ ╞Æ /manager/messages
Γö£ ╞Æ /manager/overview
Γö£ ╞Æ /manager/payroll
Γö£ ╞Æ /manager/profile
Γö£ ╞Æ /manager/recurring-workorders
Γö£ ╞Æ /manager/reports
Γö£ ╞Æ /manager/schedule
Γö£ ╞Æ /manager/settings
Γö£ ╞Æ /manager/settings/permissions
Γö£ ╞Æ /manager/settings/two-factor
Γö£ ╞Æ /manager/team
Γö£ ╞Æ /manager/templates
Γö£ ╞Æ /manager/timeclock
Γö£ ╞Æ /manager/work-authorizations
Γö£ ╞Æ /offline
Γö£ ╞Æ /payment/cancel
Γö£ ╞Æ /payment/success
Γö£ ╞Æ /pricing
Γö£ ╞Æ /register/canceled
Γö£ ╞Æ /register/customer
Γö£ ╞Æ /register/success
Γö£ ╞Æ /reports
Γö£ ╞Æ /security
Γö£ ╞Æ /shop/admin
Γö£ ╞Æ /shop/admin/employee/[id]
Γö£ ╞Æ /shop/admin/health
Γö£ ╞Æ /shop/admin/logs
Γö£ ╞Æ /shop/admin/settings
Γö£ ╞Æ /shop/analytics
Γö£ ╞Æ /shop/analytics/performance
Γö£ ╞Æ /shop/analytics/sla
Γö£ ╞Æ /shop/ar-aging
Γö£ ╞Æ /shop/automations
Γö£ ╞Æ /shop/bays
Γö£ ╞Æ /shop/branding
Γö£ ╞Æ /shop/calendar
Γö£ ╞Æ /shop/campaigns
Γö£ ╞Æ /shop/complete-profile
Γö£ ╞Æ /shop/condition-reports
Γö£ ╞Æ /shop/core-returns
Γö£ ╞Æ /shop/customer-messages
Γö£ ╞Æ /shop/customer-reports
Γö£ ╞Æ /shop/customers/[id]/crm
Γö£ ╞Æ /shop/dvi
Γö£ ╞Æ /shop/environmental-fees
Γö£ ╞Æ /shop/eod-report
Γö£ ╞Æ /shop/fleet
Γö£ ╞Æ /shop/home
Γö£ ╞Æ /shop/inspections
Γö£ ╞Æ /shop/integrations
Γö£ ╞Æ /shop/inventory
Γö£ ╞Æ /shop/inventory/shared
Γö£ ╞Æ /shop/loaners
Γö£ ╞Æ /shop/locations
Γö£ ╞Æ /shop/manage-team
Γö£ ╞Æ /shop/new-inshop-job
Γö£ ╞Æ /shop/parts-labor
Γö£ ╞Æ /shop/payment-links
Γö£ ╞Æ /shop/payroll
Γö£ ╞Æ /shop/profile
Γö£ ╞Æ /shop/profit-margins
Γö£ ╞Æ /shop/purchase-orders
Γö£ ╞Æ /shop/recurring-workorders
Γö£ ╞Æ /shop/referrals
Γö£ ╞Æ /shop/reports
Γö£ ╞Æ /shop/reviews
Γö£ ╞Æ /shop/services
Γö£ ╞Æ /shop/settings
Γö£ ╞Æ /shop/settings/api-keys
Γö£ ╞Æ /shop/settings/permissions
Γö£ ╞Æ /shop/settings/schedule
Γö£ ╞Æ /shop/settings/sessions
Γö£ ╞Æ /shop/settings/two-factor
Γö£ ╞Æ /shop/settings/webhooks
Γö£ ╞Æ /shop/subscribe
Γö£ ╞Æ /shop/tax-settings
Γö£ ╞Æ /shop/templates
Γö£ ╞Æ /shop/timeclock
Γö£ ╞Æ /shop/vendors
Γö£ ╞Æ /shop/waiting-room
Γö£ ╞Æ /shop/work-authorizations
Γö£ ╞Æ /superadmin/analytics
Γö£ ╞Æ /superadmin/dashboard
Γö£ ╞Æ /superadmin/deployments
Γö£ ╞Æ /superadmin/infrastructure
Γö£ ╞Æ /superadmin/profile
Γö£ ╞Æ /superadmin/security
Γö£ ╞Æ /superadmin/settings
Γö£ ╞Æ /superadmin/tenants
Γö£ ╞Æ /superadmin/users
Γö£ ╞Æ /tech
Γö£ ╞Æ /tech/all-tools
Γö£ ╞Æ /tech/customers
Γö£ ╞Æ /tech/diagnostics
Γö£ ╞Æ /tech/dtc-lookup
Γö£ ╞Æ /tech/dvi
Γö£ ╞Æ /tech/enhanced
Γö£ ╞Æ /tech/home
Γö£ ╞Æ /tech/inventory
Γö£ ╞Æ /tech/manuals
Γö£ ╞Æ /tech/messages
Γö£ ╞Æ /tech/new-inshop-job
Γö£ ╞Æ /tech/new-roadside-job
Γö£ ╞Æ /tech/photos
Γö£ ╞Æ /tech/profile
Γö£ ╞Æ /tech/settings/two-factor
Γö£ ╞Æ /tech/share-location
Γö£ ╞Æ /tech/timeclock
Γö£ ╞Æ /tech/timesheet
Γö£ ╞Æ /workorders/[id]
Γö£ ╞Æ /workorders/inshop
Γö£ ╞Æ /workorders/list
Γöö ╞Æ /workorders/new


╞Æ Proxy (Middleware)

╞Æ  (Dynamic)  server-rendered on demand

